interactions:
- request:
    body: '{"identificatie": "3bbccac7-ffdd-4146-80f6-94aff28da7fe", "bronorganisatie":
      "123456782", "informatieobjecttype": "http://host.docker.internal:8000/catalogi/api/v1/informatieobjecttypen/9aeb7501-3f77-4f36-8c8f-d21f47c2d6e8",
      "creatiedatum": "2024-10-30", "titel": "File part test", "auteur": "WOO registrations",
      "status": "definitief", "formaat": "text/plain", "taal": "dut", "bestandsnaam":
      "data.txt", "inhoud": null, "bestandsomvang": 10, "beschrijving": "", "indicatieGebruiksrecht":
      false}'
    headers:
      Accept:
      - '*/*'
      Accept-Encoding:
      - gzip, deflate
      Authorization:
      - Bearer eyJhbGciOiJIUzI1NiIsInR5cCI6IkpXVCJ9.eyJpc3MiOiJ3b28tcHVibGljYXRpb25zLWRldiIsImlhdCI6MTczMDMwMzM1NSwiY2xpZW50X2lkIjoid29vLXB1YmxpY2F0aW9ucy1kZXYiLCJ1c2VyX2lkIjoiIiwidXNlcl9yZXByZXNlbnRhdGlvbiI6IiJ9.1o2xmZxkFHtGKraj5GcqkGTbC_En50u7l9vLAxwB1Tg
      Connection:
      - keep-alive
      Content-Length:
      - '495'
      Content-Type:
      - application/json
      User-Agent:
      - python-requests/2.32.3
    method: POST
    uri: http://openzaak.docker.internal:8001/documenten/api/v1/enkelvoudiginformatieobjecten
  response:
    body:
      string: '{"url":"http://openzaak.docker.internal:8001/documenten/api/v1/enkelvoudiginformatieobjecten/38a5b678-98d2-4685-a864-c77151bc3827","identificatie":"3bbccac7-ffdd-4146-80f6-94aff28da7fe","bronorganisatie":"123456782","creatiedatum":"2024-10-30","titel":"File
        part test","vertrouwelijkheidaanduiding":"openbaar","auteur":"WOO registrations","status":"definitief","formaat":"text/plain","taal":"dut","versie":1,"beginRegistratie":"2024-10-30T15:49:15.401925Z","bestandsnaam":"data.txt","inhoud":null,"bestandsomvang":10,"link":"","beschrijving":"","ontvangstdatum":null,"verzenddatum":null,"indicatieGebruiksrecht":false,"verschijningsvorm":"","ondertekening":{"soort":"","datum":null},"integriteit":{"algoritme":"","waarde":"","datum":null},"informatieobjecttype":"http://host.docker.internal:8000/catalogi/api/v1/informatieobjecttypen/9aeb7501-3f77-4f36-8c8f-d21f47c2d6e8","locked":true,"bestandsdelen":[{"url":"http://openzaak.docker.internal:8001/documenten/api/v1/bestandsdelen/5939acd0-5609-4325-b3af-5aeac9cd7b8e","volgnummer":1,"omvang":10,"voltooid":false,"lock":"d5633e2229314c23b96e5b0d985f2419"}],"trefwoorden":[],"lock":"d5633e2229314c23b96e5b0d985f2419"}'
    headers:
      API-version:
      - 1.4.2
      Allow:
      - GET, POST, HEAD, OPTIONS
      Content-Length:
      - '1165'
      Content-Security-Policy:
      - base-uri 'self'; img-src 'self'; script-src 'self'; form-action 'self'; frame-src
        'self'; object-src 'none'; style-src 'self'; frame-ancestors 'none'; default-src
        'self'
      Content-Type:
      - application/json
      Cross-Origin-Opener-Policy:
      - same-origin
      Location:
      - http://openzaak.docker.internal:8001/documenten/api/v1/enkelvoudiginformatieobjecten/38a5b678-98d2-4685-a864-c77151bc3827
      Referrer-Policy:
      - same-origin
      Vary:
      - origin
      X-Content-Type-Options:
      - nosniff
      X-Frame-Options:
      - DENY
    status:
      code: 201
      message: Created
- request:
    body: "--3935f105d382606fb0b246b439100dfc\r\nContent-Disposition: form-data; name=\"lock\"\r\n\r\nd5633e2229314c23b96e5b0d985f2419\r\n--3935f105d382606fb0b246b439100dfc\r\nContent-Disposition:
      form-data; name=\"inhoud\"; filename=\"inhoud\"\r\n\r\n1234567890\r\n--3935f105d382606fb0b246b439100dfc--\r\n"
    headers:
      Accept:
      - '*/*'
      Accept-Encoding:
      - gzip, deflate
      Authorization:
      - Bearer eyJhbGciOiJIUzI1NiIsInR5cCI6IkpXVCJ9.eyJpc3MiOiJ3b28tcHVibGljYXRpb25zLWRldiIsImlhdCI6MTczMDMwMzM1NSwiY2xpZW50X2lkIjoid29vLXB1YmxpY2F0aW9ucy1kZXYiLCJ1c2VyX2lkIjoiIiwidXNlcl9yZXByZXNlbnRhdGlvbiI6IiJ9.1o2xmZxkFHtGKraj5GcqkGTbC_En50u7l9vLAxwB1Tg
      Connection:
      - keep-alive
      Content-Length:
      - '271'
      Content-Type:
      - multipart/form-data; boundary=3935f105d382606fb0b246b439100dfc
      User-Agent:
      - python-requests/2.32.3
    method: PUT
    uri: http://openzaak.docker.internal:8001/documenten/api/v1/bestandsdelen/5939acd0-5609-4325-b3af-5aeac9cd7b8e
  response:
    body:
      string: '{"url":"http://openzaak.docker.internal:8001/documenten/api/v1/bestandsdelen/5939acd0-5609-4325-b3af-5aeac9cd7b8e","volgnummer":1,"omvang":10,"voltooid":true,"lock":"d5633e2229314c23b96e5b0d985f2419"}'
    headers:
      API-version:
      - 1.4.2
      Allow:
      - PUT, OPTIONS
      Content-Length:
      - '200'
      Content-Security-Policy:
      - base-uri 'self'; img-src 'self'; script-src 'self'; form-action 'self'; frame-src
        'self'; object-src 'none'; style-src 'self'; frame-ancestors 'none'; default-src
        'self'
      Content-Type:
      - application/json
      Cross-Origin-Opener-Policy:
      - same-origin
      Referrer-Policy:
      - same-origin
      Vary:
      - Accept, origin
      X-Content-Type-Options:
      - nosniff
      X-Frame-Options:
      - DENY
    status:
      code: 200
      message: OK
- request:
    body: null
    headers:
      Accept:
      - '*/*'
      Accept-Encoding:
      - gzip, deflate
      Authorization:
      - Bearer eyJhbGciOiJIUzI1NiIsInR5cCI6IkpXVCJ9.eyJpc3MiOiJ3b28tcHVibGljYXRpb25zLWRldiIsImlhdCI6MTczMDMwMzM1NSwiY2xpZW50X2lkIjoid29vLXB1YmxpY2F0aW9ucy1kZXYiLCJ1c2VyX2lkIjoiIiwidXNlcl9yZXByZXNlbnRhdGlvbiI6IiJ9.1o2xmZxkFHtGKraj5GcqkGTbC_En50u7l9vLAxwB1Tg
      Connection:
      - keep-alive
      User-Agent:
      - python-requests/2.32.3
    method: GET
    uri: http://openzaak.docker.internal:8001/documenten/api/v1/enkelvoudiginformatieobjecten/38a5b678-98d2-4685-a864-c77151bc3827
  response:
    body:
      string: '{"url":"http://openzaak.docker.internal:8001/documenten/api/v1/enkelvoudiginformatieobjecten/38a5b678-98d2-4685-a864-c77151bc3827","identificatie":"3bbccac7-ffdd-4146-80f6-94aff28da7fe","bronorganisatie":"123456782","creatiedatum":"2024-10-30","titel":"File
        part test","vertrouwelijkheidaanduiding":"openbaar","auteur":"WOO registrations","status":"definitief","formaat":"text/plain","taal":"dut","versie":1,"beginRegistratie":"2024-10-30T15:49:15.401925Z","bestandsnaam":"data.txt","inhoud":null,"bestandsomvang":10,"link":"","beschrijving":"","ontvangstdatum":null,"verzenddatum":null,"indicatieGebruiksrecht":false,"verschijningsvorm":"","ondertekening":{"soort":"","datum":null},"integriteit":{"algoritme":"","waarde":"","datum":null},"informatieobjecttype":"http://host.docker.internal:8000/catalogi/api/v1/informatieobjecttypen/9aeb7501-3f77-4f36-8c8f-d21f47c2d6e8","locked":true,"bestandsdelen":[{"url":"http://openzaak.docker.internal:8001/documenten/api/v1/bestandsdelen/5939acd0-5609-4325-b3af-5aeac9cd7b8e","volgnummer":1,"omvang":10,"voltooid":true,"lock":"d5633e2229314c23b96e5b0d985f2419"}],"trefwoorden":[]}'
    headers:
      API-version:
      - 1.4.2
      Allow:
      - GET, PUT, PATCH, DELETE, HEAD, OPTIONS
      Content-Length:
      - '1122'
      Content-Security-Policy:
      - base-uri 'self'; img-src 'self'; script-src 'self'; form-action 'self'; frame-src
        'self'; object-src 'none'; style-src 'self'; frame-ancestors 'none'; default-src
        'self'
      Content-Type:
      - application/json
      Cross-Origin-Opener-Policy:
      - same-origin
      ETag:
      - '"583a4374230e8b6bf71a85fbb8c4c61d"'
      Referrer-Policy:
      - same-origin
      Vary:
      - origin
      X-Content-Type-Options:
      - nosniff
      X-Frame-Options:
      - DENY
    status:
      code: 200
      message: OK
version: 1
